// Jest Snapshot v1, https://goo.gl/fbAQLP

exports[`mocks mock functions 1`] = `
Array [
  2,
  4,
  6,
]
`;
